// Jest Snapshot v1, https://goo.gl/fbAQLP

exports[`Pricegroups - register as a component should show dialog 1`] = `
<div
  data-v-app=""
>
  
  <h1
    class="listtop"
  >
    Configure pricegroups
  </h1>
  
  <div>
    <table
      class="dynatable"
    >
      <thead>
        <tr>
          <!--v-if-->
          
          <th>
            Description
          </th>
          
          <th />
        </tr>
      </thead>
      
      <tbody
        class="dynatableData"
      >
        
        
        <!-- eslint-disable prettier/prettier -->
        <tr
          class="data-row"
        >
          <!--v-if-->
          
          <td
            class="data-entry"
          >
            <input
              class="neutral input-box"
              name="description"
              readonly=""
              type="text"
              value="Price group 1"
            />
          </td>
          
          <td>
            <!--v-if-->
            <!--v-if-->
          </td>
        </tr>
        
        
        <!-- eslint-disable prettier/prettier -->
        <tr
          class="data-row"
        >
          <!--v-if-->
          
          <td
            class="data-entry"
          >
            <input
              class="neutral input-box"
              name="description"
              readonly=""
              type="text"
              value="Price group 2"
            />
          </td>
          
          <td>
            <!--v-if-->
            <!--v-if-->
          </td>
        </tr>
        
        
      </tbody>
      <!--v-if-->
      
    </table>
  </div>
  <div>
    <span>
      Download: 
    </span>
    
    <span>
      <a
        href="http://localhost/erp/api/v0/products/pricegroups?format=HTML"
        target="_blank"
      >
        [ HTML ]
      </a>
    </span>
    
  </div>
  
  
</div>
`;

exports[`Pricegroups - register as a component should show dialog with editable data 1`] = `
<div
  data-v-app=""
>
  
  <h1
    class="listtop"
  >
    Configure pricegroups
  </h1>
  
  <div>
    <table
      class="dynatable"
    >
      <thead>
        <tr>
          <!--v-if-->
          
          <th>
            Description
          </th>
          
          <th />
        </tr>
      </thead>
      
      <tbody
        class="dynatableData"
      >
        
        
        <!-- eslint-disable prettier/prettier -->
        <tr
          class="data-row"
        >
          <!--v-if-->
          
          <td
            class="data-entry"
          >
            <input
              class="neutral input-box"
              name="description"
              readonly=""
              type="text"
              value="Price group 1"
            />
          </td>
          
          <td>
            
            <button
              name="modify"
            >
              
              Modify
              
            </button>
            <button
              disabled=""
              name="save"
            >
              
              Save
              
            </button>
            <button
              disabled=""
              name="cancel"
            >
              
              Cancel
              
            </button>
            <!--v-if-->
            
            <!--v-if-->
          </td>
        </tr>
        
        
        <!-- eslint-disable prettier/prettier -->
        <tr
          class="data-row"
        >
          <!--v-if-->
          
          <td
            class="data-entry"
          >
            <input
              class="neutral input-box"
              name="description"
              readonly=""
              type="text"
              value="Price group 2"
            />
          </td>
          
          <td>
            
            <button
              name="modify"
            >
              
              Modify
              
            </button>
            <button
              disabled=""
              name="save"
            >
              
              Save
              
            </button>
            <button
              disabled=""
              name="cancel"
            >
              
              Cancel
              
            </button>
            <!--v-if-->
            
            <!--v-if-->
          </td>
        </tr>
        
        
      </tbody>
      <!--v-if-->
      
    </table>
  </div>
  <div>
    <span>
      Download: 
    </span>
    
    <span>
      <a
        href="http://localhost/erp/api/v0/products/pricegroups?format=HTML"
        target="_blank"
      >
        [ HTML ]
      </a>
    </span>
    
  </div>
  
  
</div>
`;
