// Jest Snapshot v1, https://goo.gl/fbAQLP

exports[`SIC - register as a component should show dialog 1`] = `
<div
  data-v-app=""
>
  
  <h1
    class="listtop"
  >
    Configure Standard Industry Codes (SIC)
  </h1>
  
  <div>
    <table
      class="dynatable"
    >
      <thead>
        <tr>
          <!--v-if-->
          
          <th>
            Code
          </th>
          <th>
            Description
          </th>
          
          <th />
        </tr>
      </thead>
      
      <tbody
        class="dynatableData"
      >
        
        
        <!-- eslint-disable prettier/prettier -->
        <tr
          class="data-row"
        >
          <!--v-if-->
          
          <td
            class="data-entry"
          >
            <input
              class="neutral input-box"
              name="code"
              readonly=""
              type="text"
              value="541330"
            />
          </td>
          <td
            class="data-entry"
          >
            <input
              class="neutral input-box"
              name="description"
              readonly=""
              type="text"
              value="Engineering service"
            />
          </td>
          
          <td>
            <!--v-if-->
            <!--v-if-->
          </td>
        </tr>
        
        
        <!-- eslint-disable prettier/prettier -->
        <tr
          class="data-row"
        >
          <!--v-if-->
          
          <td
            class="data-entry"
          >
            <input
              class="neutral input-box"
              name="code"
              readonly=""
              type="text"
              value="611430"
            />
          </td>
          <td
            class="data-entry"
          >
            <input
              class="neutral input-box"
              name="description"
              readonly=""
              type="text"
              value="Professional and management development training"
            />
          </td>
          
          <td>
            <!--v-if-->
            <!--v-if-->
          </td>
        </tr>
        
        
      </tbody>
      <!--v-if-->
      
    </table>
  </div>
  <div>
    <span>
      Download: 
    </span>
    
    <span>
      <a
        href="http://localhost/erp/api/v0/contacts/sic?format=HTML"
        target="_blank"
      >
        [ HTML ]
      </a>
    </span>
    
  </div>
  
  <div
    class="import-section"
  >
    <h2
      class="listheading"
    >
      Import
    </h2>
    <div
      id="import-sic"
    >
      
      <!-- eslint-disable prettier/prettier -->
      <div
        id="sic"
      >
        <!--v-if-->
        <form
          name="csvupload"
        >
          <input
            name="type"
            type="hidden"
            value="sic"
          />
          <!--v-if-->
          <div
            class="non-grid"
          >
            <!--v-if-->
            <div>
              <label>
                From File
              </label>
              <span>
                <input
                  accept=".csv"
                  name="import_file"
                  required=""
                  type="file"
                />
              </span>
            </div>
          </div>
          <div
            class="inputrow non-grid"
            id="buttonrow"
          >
            <input
              name="trans_type"
              type="hidden"
            />
            <button
              class="submit"
              disabled=""
              name="action"
            >
              
              Save
              
            </button>
          </div>
          <div
            class="details"
          >
            
             The following fields are expected (in this order): 
            <dl>
              <dt>
                code
              </dt>
              <dd />
              <dt>
                sictype
              </dt>
              <dd />
              <dt>
                description
              </dt>
              <dd />
            </dl>
            
          </div>
        </form>
      </div>
      
    </div>
  </div>
  
</div>
`;

exports[`SIC - register as a component should show dialog with editable data 1`] = `
<div
  data-v-app=""
>
  
  <h1
    class="listtop"
  >
    Configure Standard Industry Codes (SIC)
  </h1>
  
  <div>
    <table
      class="dynatable"
    >
      <thead>
        <tr>
          <!--v-if-->
          
          <th>
            Code
          </th>
          <th>
            Description
          </th>
          
          <th />
        </tr>
      </thead>
      
      <tbody
        class="dynatableData"
      >
        
        
        <!-- eslint-disable prettier/prettier -->
        <tr
          class="data-row"
        >
          <!--v-if-->
          
          <td
            class="data-entry"
          >
            <input
              class="neutral input-box"
              name="code"
              readonly=""
              type="text"
              value="541330"
            />
          </td>
          <td
            class="data-entry"
          >
            <input
              class="neutral input-box"
              name="description"
              readonly=""
              type="text"
              value="Engineering service"
            />
          </td>
          
          <td>
            
            <button
              name="modify"
            >
              
              Modify
              
            </button>
            <button
              disabled=""
              name="save"
            >
              
              Save
              
            </button>
            <button
              disabled=""
              name="cancel"
            >
              
              Cancel
              
            </button>
            <!--v-if-->
            
            <!--v-if-->
          </td>
        </tr>
        
        
        <!-- eslint-disable prettier/prettier -->
        <tr
          class="data-row"
        >
          <!--v-if-->
          
          <td
            class="data-entry"
          >
            <input
              class="neutral input-box"
              name="code"
              readonly=""
              type="text"
              value="611430"
            />
          </td>
          <td
            class="data-entry"
          >
            <input
              class="neutral input-box"
              name="description"
              readonly=""
              type="text"
              value="Professional and management development training"
            />
          </td>
          
          <td>
            
            <button
              name="modify"
            >
              
              Modify
              
            </button>
            <button
              disabled=""
              name="save"
            >
              
              Save
              
            </button>
            <button
              disabled=""
              name="cancel"
            >
              
              Cancel
              
            </button>
            <!--v-if-->
            
            <!--v-if-->
          </td>
        </tr>
        
        
      </tbody>
      <!--v-if-->
      
    </table>
  </div>
  <div>
    <span>
      Download: 
    </span>
    
    <span>
      <a
        href="http://localhost/erp/api/v0/contacts/sic?format=HTML"
        target="_blank"
      >
        [ HTML ]
      </a>
    </span>
    
  </div>
  
  <div
    class="import-section"
  >
    <h2
      class="listheading"
    >
      Import
    </h2>
    <div
      id="import-sic"
    >
      
      <!-- eslint-disable prettier/prettier -->
      <div
        id="sic"
      >
        <!--v-if-->
        <form
          name="csvupload"
        >
          <input
            name="type"
            type="hidden"
            value="sic"
          />
          <!--v-if-->
          <div
            class="non-grid"
          >
            <!--v-if-->
            <div>
              <label>
                From File
              </label>
              <span>
                <input
                  accept=".csv"
                  name="import_file"
                  required=""
                  type="file"
                />
              </span>
            </div>
          </div>
          <div
            class="inputrow non-grid"
            id="buttonrow"
          >
            <input
              name="trans_type"
              type="hidden"
            />
            <button
              class="submit"
              disabled=""
              name="action"
            >
              
              Save
              
            </button>
          </div>
          <div
            class="details"
          >
            
             The following fields are expected (in this order): 
            <dl>
              <dt>
                code
              </dt>
              <dd />
              <dt>
                sictype
              </dt>
              <dd />
              <dt>
                description
              </dt>
              <dd />
            </dl>
            
          </div>
        </form>
      </div>
      
    </div>
  </div>
  
</div>
`;
